// Jest Snapshot v1, https://goo.gl/fbAQLP

exports[`React Simple Tabs: Tabs Should change content to the selected tab from index 1`] = `"<div><div class=\\"tabs--outer-wrapper\\"><div class=\\"tabs\\"><div class=\\"tab is-active\\"><a><span>Billing</span></a></div><div class=\\"tab \\"><a><span>Notifications</span></a></div><div class=\\"tab \\"><a><span>Apps</span></a></div></div></div><section><div class=\\"tabs--current-content\\"><h1>Billing</h1></div></section></div>"`;

exports[`React Simple Tabs: Tabs Should render content at 0 by default 1`] = `"<div><div class=\\"tabs--outer-wrapper\\"><div class=\\"tabs\\"><div class=\\"tab is-active\\"><a><span>Billing</span></a></div><div class=\\"tab \\"><a><span>Notifications</span></a></div><div class=\\"tab \\"><a><span>Apps</span></a></div></div></div><section><div class=\\"tabs--current-content\\"><h1>Billing</h1></div></section></div>"`;

exports[`React Simple Tabs: Tabs Should render content at specified default index if passed as props 1`] = `"<div><div class=\\"tabs--outer-wrapper\\"><div class=\\"tabs\\"><div class=\\"tab \\"><a><span>Tab Title</span></a></div><div class=\\"tab is-active\\"><a><span>Tab Title</span></a></div><div class=\\"tab \\"><a><span>Tab Title</span></a></div></div></div><section><div class=\\"tabs--current-content\\"><h1>Notifications</h1></div></section></div>"`;

exports[`React Simple Tabs: Tabs Should render in the DOM correctly 1`] = `"<div><div class=\\"tabs--outer-wrapper\\"><div class=\\"tabs\\"><div class=\\"tab is-active\\"><a><span>Billing</span></a></div><div class=\\"tab \\"><a><span>Notifications</span></a></div><div class=\\"tab \\"><a><span>Apps</span></a></div></div></div><section><div class=\\"tabs--current-content\\"><h1>Billing</h1></div></section></div>"`;

exports[`React Simple Tabs: Tabs Should render tabs as children correctly 1`] = `"<div><div class=\\"tabs--outer-wrapper\\"><div class=\\"tabs\\"><div class=\\"tab is-active\\"><a><span>Billing</span></a></div><div class=\\"tab \\"><a><span>Notifications</span></a></div><div class=\\"tab \\"><a><span>Apps</span></a></div></div></div><section><div class=\\"tabs--current-content\\"><h1>Billing</h1></div></section></div>"`;
